// Jest Snapshot v1, https://goo.gl/fbAQLP

exports[`decorate-with-level debug 1`] = `
"mock-durationmock-package/mock-filename 
        content1234567890content1234567890content1234567890content1234567890content12345
        67890content1234567890content1234567890content1234567890content1234567890content
        1234567890"
`;

exports[`decorate-with-level error 1`] = `
"mock-durationmock-package/mock-filename
        [31m╔════════════════════════════════════════════════════════════════════════════════════════════════╗[39m
        [31m║[39m                                                                                                [31m║[39m
        [31m║[39m   [37m[41m> ERROR <[49m[39m                                                                                    [31m║[39m
        [31m║[39m                                                                                                [31m║[39m
        [31m║[39m   content1234567890content1234567890content1234567890content1234567890content1234567890conte   [31m║[39m
        [31m║[39m   nt1234567890content1234567890content1234567890content1234567890content1234567890             [31m║[39m
        [31m║[39m                                                                                                [31m║[39m
        [31m╚════════════════════════════════════════════════════════════════════════════════════════════════╝[39m"
`;

exports[`decorate-with-level help 1`] = `
"mock-durationmock-package/mock-filename
        [34m┌────────────────────────────────────────────────────────────────────────────────────────────────┐[39m
        [34m│[39m                                                                                                [34m│[39m
        [34m│[39m   content1234567890content1234567890content1234567890content1234567890content1234567890conte   [34m│[39m
        [34m│[39m   nt1234567890content1234567890content1234567890content1234567890content1234567890             [34m│[39m
        [34m│[39m                                                                                                [34m│[39m
        [34m└────────────────────────────────────────────────────────────────────────────────────────────────┘[39m"
`;

exports[`decorate-with-level info 1`] = `
"mock-durationmock-package/mock-filename content1234567890content1234567890content1234567890co
        ntent1234567890content1234567890content1234567890content1234567890content1234567
        890content1234567890content1234567890"
`;

exports[`decorate-with-level warn 1`] = `
"mock-durationmock-package/mock-filename
        [33m┌────────────────────────────────────────────────────────────────────────────────────────────────┐[39m
        [33m│[39m                                                                                                [33m│[39m
        [33m│[39m   [30m[43m> WARNING <[49m[39m                                                                                  [33m│[39m
        [33m│[39m                                                                                                [33m│[39m
        [33m│[39m   content1234567890content1234567890content1234567890content1234567890content1234567890conte   [33m│[39m
        [33m│[39m   nt1234567890content1234567890content1234567890content1234567890content1234567890             [33m│[39m
        [33m│[39m                                                                                                [33m│[39m
        [33m└────────────────────────────────────────────────────────────────────────────────────────────────┘[39m"
`;
