// Jest Snapshot v1, https://goo.gl/fbAQLP

exports[`Log debug 1`] = `undefined`;

exports[`Log error 1`] = `
"      · [logging/src/formatters/format-color/prefix/get-callee.ts]
        ╔═══════════════╗
        ║               ║
        ║   > ERROR <   ║
        ║               ║
        ║   a b         ║
        ║               ║
        ╚═══════════════╝"
`;

exports[`Log info 1`] = `undefined`;

exports[`Log warn 1`] = `
"      · [logging/src/formatters/format-color/prefix/get-callee.ts]
        ┌─────────────────┐
        │                 │
        │   > WARNING <   │
        │                 │
        │   a b           │
        │                 │
        └─────────────────┘"
`;
